// Jest Snapshot v1, https://goo.gl/fbAQLP

exports[`panel renders correctly matches the snapshot 1`] = `
<div
  className="makeStyles-root-1"
  data-testid="accessibility-menu"
>
  <div
    className="MuiBox-root MuiBox-root-6"
  >
    <h4
      className="MuiTypography-root makeStyles-title-2 MuiTypography-h4"
    >
      Accessibility Menu
    </h4>
    <h6
      className="MuiTypography-root makeStyles-options-3 MuiTypography-h6"
    >
      Please select a display option
    </h6>
    <div
      className="MuiBox-root MuiBox-root-7 makeStyles-buttonContainer-4"
    >
      <button
        className="MuiButtonBase-root MuiButton-root MuiButton-contained makeStyles-button-5 MuiButton-containedPrimary"
        data-testid="button"
        disabled={false}
        onBlur={[Function]}
        onDragLeave={[Function]}
        onFocus={[Function]}
        onKeyDown={[Function]}
        onKeyUp={[Function]}
        onMouseDown={[Function]}
        onMouseLeave={[Function]}
        onMouseUp={[Function]}
        onTouchEnd={[Function]}
        onTouchMove={[Function]}
        onTouchStart={[Function]}
        tabIndex={0}
        type="button"
      >
        <span
          className="MuiButton-label"
        >
          Display Option One
        </span>
      </button>
    </div>
  </div>
</div>
`;
