// Jest Snapshot v1, https://goo.gl/fbAQLP

exports[`the panel renders matches the snapshot 1`] = `
<div
  className="makeStyles-root-1"
  data-testid="panel-one"
>
  <div
    className="MuiBox-root MuiBox-root-14 makeStyles-box-2"
  >
    <ul
      className="MuiList-root makeStyles-list-3 MuiList-padding"
    >
      <li
        className="MuiListItem-root makeStyles-listItem-4 MuiListItem-gutters"
        data-testid="item"
        disabled={false}
      >
        <div
          className="makeStyles-iconContainer-6"
        >
          <svg
            aria-hidden={true}
            className="MuiSvgIcon-root makeStyles-icon-7"
            focusable="false"
            viewBox="0 0 24 24"
          >
            <path
              d="M12 2C6.48 2 2 6.48 2 12s4.48 10 10 10 10-4.48 10-10S17.52 2 12 2zm0 3c1.66 0 3 1.34 3 3s-1.34 3-3 3-3-1.34-3-3 1.34-3 3-3zm0 14.2c-2.5 0-4.71-1.28-6-3.22.03-1.99 4-3.08 6-3.08 1.99 0 5.97 1.09 6 3.08-1.29 1.94-3.5 3.22-6 3.22z"
            />
          </svg>
        </div>
        <div
          className="makeStyles-labelContainer-8"
        >
          <p
            className="MuiTypography-root makeStyles-label-9 MuiTypography-body1"
            data-testid="aaa"
          >
            Name: 
          </p>
        </div>
        <div
          className="makeStyles-labelValueContainer-10"
        >
          <p
            className="MuiTypography-root makeStyles-labelValue-11 MuiTypography-body1"
          >
            Test Test
          </p>
        </div>
      </li>
      <li
        className="MuiListItem-root makeStyles-listItem-4 MuiListItem-gutters"
        data-testid="item"
        disabled={false}
      >
        <div
          className="makeStyles-iconContainer-6"
        >
          <svg
            aria-hidden={true}
            className="MuiSvgIcon-root makeStyles-icon-7"
            focusable="false"
            viewBox="0 0 24 24"
          >
            <path
              d="M17 12h-5v5h5v-5zM16 1v2H8V1H6v2H5c-1.11 0-1.99.9-1.99 2L3 19c0 1.1.89 2 2 2h14c1.1 0 2-.9 2-2V5c0-1.1-.9-2-2-2h-1V1h-2zm3 18H5V8h14v11z"
            />
          </svg>
        </div>
        <div
          className="makeStyles-labelContainer-8"
        >
          <p
            className="MuiTypography-root makeStyles-label-9 MuiTypography-body1"
          >
            Date of Birth: 
          </p>
        </div>
        <div
          className="makeStyles-labelValueContainer-10"
        >
          <p
            className="MuiTypography-root makeStyles-labelValue-11 MuiTypography-body1"
          >
            1111
          </p>
        </div>
      </li>
      <li
        className="MuiListItem-root makeStyles-listItem-4 MuiListItem-gutters"
        data-testid="item"
        disabled={false}
      >
        <div
          className="makeStyles-iconContainer-6"
        >
          <svg
            aria-hidden={true}
            className="MuiSvgIcon-root makeStyles-icon-7"
            focusable="false"
            viewBox="0 0 24 24"
          >
            <path
              d="M17.81 4.47c-.08 0-.16-.02-.23-.06C15.66 3.42 14 3 12.01 3c-1.98 0-3.86.47-5.57 1.41-.24.13-.54.04-.68-.2-.13-.24-.04-.55.2-.68C7.82 2.52 9.86 2 12.01 2c2.13 0 3.99.47 6.03 1.52.25.13.34.43.21.67-.09.18-.26.28-.44.28zM3.5 9.72c-.1 0-.2-.03-.29-.09-.23-.16-.28-.47-.12-.7.99-1.4 2.25-2.5 3.75-3.27C9.98 4.04 14 4.03 17.15 5.65c1.5.77 2.76 1.86 3.75 3.25.16.22.11.54-.12.7-.23.16-.54.11-.7-.12-.9-1.26-2.04-2.25-3.39-2.94-2.87-1.47-6.54-1.47-9.4.01-1.36.7-2.5 1.7-3.4 2.96-.08.14-.23.21-.39.21zm6.25 12.07c-.13 0-.26-.05-.35-.15-.87-.87-1.34-1.43-2.01-2.64-.69-1.23-1.05-2.73-1.05-4.34 0-2.97 2.54-5.39 5.66-5.39s5.66 2.42 5.66 5.39c0 .28-.22.5-.5.5s-.5-.22-.5-.5c0-2.42-2.09-4.39-4.66-4.39-2.57 0-4.66 1.97-4.66 4.39 0 1.44.32 2.77.93 3.85.64 1.15 1.08 1.64 1.85 2.42.19.2.19.51 0 .71-.11.1-.24.15-.37.15zm7.17-1.85c-1.19 0-2.24-.3-3.1-.89-1.49-1.01-2.38-2.65-2.38-4.39 0-.28.22-.5.5-.5s.5.22.5.5c0 1.41.72 2.74 1.94 3.56.71.48 1.54.71 2.54.71.24 0 .64-.03 1.04-.1.27-.05.53.13.58.41.05.27-.13.53-.41.58-.57.11-1.07.12-1.21.12zM14.91 22c-.04 0-.09-.01-.13-.02-1.59-.44-2.63-1.03-3.72-2.1-1.4-1.39-2.17-3.24-2.17-5.22 0-1.62 1.38-2.94 3.08-2.94 1.7 0 3.08 1.32 3.08 2.94 0 1.07.93 1.94 2.08 1.94s2.08-.87 2.08-1.94c0-3.77-3.25-6.83-7.25-6.83-2.84 0-5.44 1.58-6.61 4.03-.39.81-.59 1.76-.59 2.8 0 .78.07 2.01.67 3.61.1.26-.03.55-.29.64-.26.1-.55-.04-.64-.29-.49-1.31-.73-2.61-.73-3.96 0-1.2.23-2.29.68-3.24 1.33-2.79 4.28-4.6 7.51-4.6 4.55 0 8.25 3.51 8.25 7.83 0 1.62-1.38 2.94-3.08 2.94s-3.08-1.32-3.08-2.94c0-1.07-.93-1.94-2.08-1.94s-2.08.87-2.08 1.94c0 1.71.66 3.31 1.87 4.51.95.94 1.86 1.46 3.27 1.85.27.07.42.35.35.61-.05.23-.26.38-.47.38z"
            />
          </svg>
        </div>
        <div
          className="makeStyles-labelContainer-8"
        >
          <p
            className="MuiTypography-root makeStyles-label-9 MuiTypography-body1"
          >
            Unique Reference: 
          </p>
        </div>
        <div
          className="makeStyles-labelValueContainer-10"
        >
          <p
            className="MuiTypography-root makeStyles-labelValue-11 MuiTypography-body1"
          >
            2222
          </p>
        </div>
      </li>
      <li
        className="MuiListItem-root makeStyles-listItem-4 MuiListItem-gutters"
        data-testid="item"
        disabled={false}
      >
        <div
          className="makeStyles-iconContainer-6"
        >
          <svg
            aria-hidden={true}
            className="MuiSvgIcon-root makeStyles-icon-7"
            focusable="false"
            viewBox="0 0 24 24"
          >
            <path
              d="M6.62 10.79c1.44 2.83 3.76 5.14 6.59 6.59l2.2-2.2c.27-.27.67-.36 1.02-.24 1.12.37 2.33.57 3.57.57.55 0 1 .45 1 1V20c0 .55-.45 1-1 1-9.39 0-17-7.61-17-17 0-.55.45-1 1-1h3.5c.55 0 1 .45 1 1 0 1.25.2 2.45.57 3.57.11.35.03.74-.25 1.02l-2.2 2.2z"
            />
          </svg>
        </div>
        <div
          className="makeStyles-labelContainer-8"
        >
          <p
            className="MuiTypography-root makeStyles-label-9 MuiTypography-body1"
          >
            Tel: 
          </p>
        </div>
        <div
          className="makeStyles-labelValueContainer-10"
        >
          <p
            className="MuiTypography-root makeStyles-labelValue-11 MuiTypography-body1"
          >
            3333
          </p>
        </div>
      </li>
      <li
        className="MuiListItem-root makeStyles-listItemButton-5 MuiListItem-gutters"
        disabled={false}
      >
        <button
          className="MuiButtonBase-root MuiButton-root MuiButton-contained makeStyles-panelButton-13 MuiButton-containedSecondary"
          disabled={false}
          onBlur={[Function]}
          onClick={[Function]}
          onDragLeave={[Function]}
          onFocus={[Function]}
          onKeyDown={[Function]}
          onKeyUp={[Function]}
          onMouseDown={[Function]}
          onMouseLeave={[Function]}
          onMouseUp={[Function]}
          onTouchEnd={[Function]}
          onTouchMove={[Function]}
          onTouchStart={[Function]}
          tabIndex={0}
          type="button"
        >
          <span
            className="MuiButton-label"
          >
            <p
              className="MuiTypography-root MuiTypography-body2"
            >
              More Info
            </p>
            <svg
              aria-hidden={true}
              className="MuiSvgIcon-root"
              focusable="false"
              viewBox="0 0 24 24"
            >
              <path
                d="M7 10l5 5 5-5z"
              />
            </svg>
          </span>
        </button>
      </li>
    </ul>
  </div>
</div>
`;
