// Jest Snapshot v1, https://goo.gl/fbAQLP

exports[`Panel renders correctly matches the snapshot 1`] = `
<div
  className="makeStyles-root-1"
  data-testid="supervisor-panel"
>
  <div
    className="MuiBox-root MuiBox-root-6"
  >
    <h5
      className="MuiTypography-root MuiTypography-h5"
    >
      Supervisor
    </h5>
  </div>
  <button
    className="MuiButtonBase-root MuiButton-root MuiButton-contained makeStyles-button-2 MuiButton-containedPrimary"
    data-testid="button"
    disabled={false}
    onBlur={[Function]}
    onClick={[Function]}
    onDragLeave={[Function]}
    onFocus={[Function]}
    onKeyDown={[Function]}
    onKeyUp={[Function]}
    onMouseDown={[Function]}
    onMouseLeave={[Function]}
    onMouseUp={[Function]}
    onTouchEnd={[Function]}
    onTouchMove={[Function]}
    onTouchStart={[Function]}
    tabIndex={0}
    type="button"
  >
    <span
      className="MuiButton-label"
    >
      View Metrics
    </span>
  </button>
  <button
    className="MuiButtonBase-root MuiButton-root MuiButton-contained makeStyles-button-2 MuiButton-containedPrimary"
    data-testid="button"
    disabled={false}
    onBlur={[Function]}
    onClick={[Function]}
    onDragLeave={[Function]}
    onFocus={[Function]}
    onKeyDown={[Function]}
    onKeyUp={[Function]}
    onMouseDown={[Function]}
    onMouseLeave={[Function]}
    onMouseUp={[Function]}
    onTouchEnd={[Function]}
    onTouchMove={[Function]}
    onTouchStart={[Function]}
    tabIndex={0}
    type="button"
  >
    <span
      className="MuiButton-label"
    >
      View Links
    </span>
  </button>
</div>
`;
